ParseResult {
    output: Some(
        AST {
            items: [
                Data(
                    Data {
                        declaration: DataDeclaration {
                            name: Identifier {
                                name: "MyType",
                                span: 5..11,
                            },
                            parameters: [
                                Variable(
                                    Identifier {
                                        name: "a",
                                        span: 16..17,
                                    },
                                ),
                                BinaryOperator {
                                    name: Named {
                                        name: HasType,
                                        span: 24..25,
                                    },
                                    left: Variable(
                                        Identifier {
                                            name: "b",
                                            span: 22..23,
                                        },
                                    ),
                                    right: Variable(
                                        Identifier {
                                            name: "Type",
                                            span: 26..30,
                                        },
                                    ),
                                },
                                BinaryOperator {
                                    name: Named {
                                        name: HasType,
                                        span: 37..38,
                                    },
                                    left: Variable(
                                        Identifier {
                                            name: "c",
                                            span: 35..36,
                                        },
                                    ),
                                    right: BinaryOperator {
                                        name: Named {
                                            name: To,
                                            span: 44..46,
                                        },
                                        left: Variable(
                                            Identifier {
                                                name: "Type",
                                                span: 39..43,
                                            },
                                        ),
                                        right: BinaryOperator {
                                            name: Named {
                                                name: To,
                                                span: 52..54,
                                            },
                                            left: Variable(
                                                Identifier {
                                                    name: "Type",
                                                    span: 47..51,
                                                },
                                            ),
                                            right: Variable(
                                                Identifier {
                                                    name: "Type",
                                                    span: 55..59,
                                                },
                                            ),
                                        },
                                    },
                                },
                            ],
                            where_clause: WhereClause(
                                None,
                            ),
                        },
                        constructors: VisibilityItems {
                            visibility: Public,
                            items: [
                                TypeConstructor {
                                    name: Identifier {
                                        name: "X",
                                        span: 71..72,
                                    },
                                    parameters: Some(
                                        BinaryOperator {
                                            name: Named {
                                                name: HasType,
                                                span: 81..82,
                                            },
                                            left: Variable(
                                                Identifier {
                                                    name: "item",
                                                    span: 76..80,
                                                },
                                            ),
                                            right: Variable(
                                                Identifier {
                                                    name: "Int",
                                                    span: 83..86,
                                                },
                                            ),
                                        },
                                    ),
                                },
                            ],
                        },
                    },
                ),
            ],
        },
    ),
    errs: [],
}