ParseResult {
    output: Some(
        AST {
            items: [
                Data(
                    Data {
                        declaration: DataDeclaration {
                            name: Identifier {
                                name: "MyType",
                                span: 5..11,
                            },
                            parameters: [
                                Variable(
                                    Identifier {
                                        name: "a",
                                        span: 12..13,
                                    },
                                ),
                                Parenthesized(
                                    Parenthesized(
                                        BinaryOperator {
                                            name: Named {
                                                name: HasType,
                                                span: 19..20,
                                            },
                                            left: Variable(
                                                Identifier {
                                                    name: "b",
                                                    span: 17..18,
                                                },
                                            ),
                                            right: Parenthesized(
                                                Variable(
                                                    Identifier {
                                                        name: "Type",
                                                        span: 22..26,
                                                    },
                                                ),
                                            ),
                                        },
                                    ),
                                ),
                                Where {
                                    expression: BinaryOperator {
                                        name: Named {
                                            name: HasType,
                                            span: 34..35,
                                        },
                                        left: Variable(
                                            Identifier {
                                                name: "c",
                                                span: 32..33,
                                            },
                                        ),
                                        right: BinaryOperator {
                                            name: Named {
                                                name: To,
                                                span: 41..43,
                                            },
                                            left: Variable(
                                                Identifier {
                                                    name: "Type",
                                                    span: 36..40,
                                                },
                                            ),
                                            right: BinaryOperator {
                                                name: Named {
                                                    name: To,
                                                    span: 49..51,
                                                },
                                                left: Variable(
                                                    Identifier {
                                                        name: "Type",
                                                        span: 44..48,
                                                    },
                                                ),
                                                right: Variable(
                                                    Identifier {
                                                        name: "Type",
                                                        span: 52..56,
                                                    },
                                                ),
                                            },
                                        },
                                    },
                                    constraints: BinaryOperator {
                                        name: LineSeparator,
                                        left: BinaryOperator {
                                            name: Named {
                                                name: Equal,
                                                span: 65..67,
                                            },
                                            left: Variable(
                                                Identifier {
                                                    name: "a",
                                                    span: 63..64,
                                                },
                                            ),
                                            right: Variable(
                                                Identifier {
                                                    name: "b",
                                                    span: 68..69,
                                                },
                                            ),
                                        },
                                        right: BinaryOperator {
                                            name: LineSeparator,
                                            left: BinaryOperator {
                                                name: Named {
                                                    name: Equal,
                                                    span: 73..75,
                                                },
                                                left: Variable(
                                                    Identifier {
                                                        name: "b",
                                                        span: 71..72,
                                                    },
                                                ),
                                                right: Variable(
                                                    Identifier {
                                                        name: "c",
                                                        span: 76..77,
                                                    },
                                                ),
                                            },
                                            right: BinaryOperator {
                                                name: Apply,
                                                left: Variable(
                                                    Identifier {
                                                        name: "Ord",
                                                        span: 79..82,
                                                    },
                                                ),
                                                right: Variable(
                                                    Identifier {
                                                        name: "a",
                                                        span: 83..84,
                                                    },
                                                ),
                                            },
                                        },
                                    },
                                },
                            ],
                            where_clause: WhereClause(
                                None,
                            ),
                        },
                        constructors: VisibilityItems {
                            visibility: Public,
                            items: [
                                TypeConstructor {
                                    name: Identifier {
                                        name: "X",
                                        span: 93..94,
                                    },
                                    parameters: Some(
                                        BinaryOperator {
                                            name: Named {
                                                name: HasType,
                                                span: 103..104,
                                            },
                                            left: Variable(
                                                Identifier {
                                                    name: "item",
                                                    span: 98..102,
                                                },
                                            ),
                                            right: Variable(
                                                Identifier {
                                                    name: "Int",
                                                    span: 105..108,
                                                },
                                            ),
                                        },
                                    ),
                                },
                            ],
                        },
                    },
                ),
            ],
        },
    ),
    errs: [],
}