ParseResult {
    output: Some(
        AST {
            items: [
                Function(
                    Function {
                        name: Identifier {
                            name: "my_function",
                            span: 0..11,
                        },
                    },
                ),
            ],
        },
    ),
    errs: [],
}