(ValueConstructor:(((((((->) variable):Type) Type):Type) variable):Type))