(ValueConstructor:(((variable:(((((->) Type):(((((->) Type):<unknown>) Type):<unknown>)) <unknown>):Type)) (variable:Type)):<unknown>))