(\_:{unknown} = (\_:{unknown} = (((2:({unknown} -> {unknown})) (1:{unknown})):{unknown})))