ParseResult {
    output: Some(
        AST {
            items: [
                Data(
                    Data {
                        declaration: DataDeclaration {
                            name: Identifier {
                                name: "MyType",
                                span: 5..11,
                            },
                            parameters: [
                                Parameter {
                                    name: Identifier {
                                        name: "a",
                                        span: 12..13,
                                    },
                                    typ: None,
                                },
                                Parameter {
                                    name: Identifier {
                                        name: "b",
                                        span: 15..16,
                                    },
                                    typ: Some(
                                        TypeExpression {
                                            expression: Variable(
                                                Identifier {
                                                    name: "Type",
                                                    span: 19..23,
                                                },
                                            ),
                                            where_clause: WhereClause(
                                                [],
                                            ),
                                        },
                                    ),
                                },
                                Parameter {
                                    name: Identifier {
                                        name: "c",
                                        span: 26..27,
                                    },
                                    typ: Some(
                                        TypeExpression {
                                            expression: BinaryOperator {
                                                name: Named(
                                                    Operator {
                                                        name: "->",
                                                        span: 35..37,
                                                    },
                                                ),
                                                left: Variable(
                                                    Identifier {
                                                        name: "Type",
                                                        span: 30..34,
                                                    },
                                                ),
                                                right: BinaryOperator {
                                                    name: Named(
                                                        Operator {
                                                            name: "->",
                                                            span: 43..45,
                                                        },
                                                    ),
                                                    left: Variable(
                                                        Identifier {
                                                            name: "Type",
                                                            span: 38..42,
                                                        },
                                                    ),
                                                    right: Variable(
                                                        Identifier {
                                                            name: "Type",
                                                            span: 46..50,
                                                        },
                                                    ),
                                                },
                                            },
                                            where_clause: WhereClause(
                                                [
                                                    BinaryOperator {
                                                        name: Named(
                                                            Operator {
                                                                name: "==",
                                                                span: 59..61,
                                                            },
                                                        ),
                                                        left: Variable(
                                                            Identifier {
                                                                name: "a",
                                                                span: 57..58,
                                                            },
                                                        ),
                                                        right: Variable(
                                                            Identifier {
                                                                name: "b",
                                                                span: 62..63,
                                                            },
                                                        ),
                                                    },
                                                    BinaryOperator {
                                                        name: Named(
                                                            Operator {
                                                                name: "==",
                                                                span: 67..69,
                                                            },
                                                        ),
                                                        left: Variable(
                                                            Identifier {
                                                                name: "b",
                                                                span: 65..66,
                                                            },
                                                        ),
                                                        right: Variable(
                                                            Identifier {
                                                                name: "c",
                                                                span: 70..71,
                                                            },
                                                        ),
                                                    },
                                                    BinaryOperator {
                                                        name: Apply,
                                                        left: Variable(
                                                            Identifier {
                                                                name: "Ord",
                                                                span: 73..76,
                                                            },
                                                        ),
                                                        right: Variable(
                                                            Identifier {
                                                                name: "a",
                                                                span: 77..78,
                                                            },
                                                        ),
                                                    },
                                                ],
                                            ),
                                        },
                                    ),
                                },
                            ],
                            where_clause: WhereClause(
                                [],
                            ),
                        },
                        constructors: VisibilityItems {
                            visibility: Public,
                            items: [
                                TypeConstructor {
                                    name: Identifier {
                                        name: "X",
                                        span: 87..88,
                                    },
                                    parameters: [
                                        Parameter {
                                            name: Identifier {
                                                name: "item",
                                                span: 92..96,
                                            },
                                            typ: Some(
                                                TypeExpression {
                                                    expression: Variable(
                                                        Identifier {
                                                            name: "Int",
                                                            span: 99..102,
                                                        },
                                                    ),
                                                    where_clause: WhereClause(
                                                        [],
                                                    ),
                                                },
                                            ),
                                        },
                                    ],
                                },
                            ],
                        },
                    },
                ),
            ],
        },
    ),
    errs: [],
}