ParseResult {
    output: Some(
        AST {
            items: [
                Data(
                    Data {
                        declaration: DataDeclaration {
                            name: Identifier {
                                name: "MyType",
                                span: 5..11,
                            },
                            parameters: [
                                TypeParameter {
                                    name: Identifier {
                                        name: "a",
                                        span: 16..17,
                                    },
                                    kind: None,
                                    parentheses: 0,
                                },
                                TypeParameter {
                                    name: Identifier {
                                        name: "b",
                                        span: 23..24,
                                    },
                                    kind: Some(
                                        TypeExpression {
                                            expression: Variable(
                                                Identifier {
                                                    name: "Type",
                                                    span: 27..31,
                                                },
                                            ),
                                            where_clause: WhereClause(
                                                [],
                                            ),
                                        },
                                    ),
                                    parentheses: 1,
                                },
                                TypeParameter {
                                    name: Identifier {
                                        name: "c",
                                        span: 47..48,
                                    },
                                    kind: Some(
                                        TypeExpression {
                                            expression: BinaryOperator {
                                                name: Named(
                                                    Operator {
                                                        name: "->",
                                                        span: 80..82,
                                                    },
                                                ),
                                                left: Variable(
                                                    Identifier {
                                                        name: "Type",
                                                        span: 63..67,
                                                    },
                                                ),
                                                right: BinaryOperator {
                                                    name: Named(
                                                        Operator {
                                                            name: "->",
                                                            span: 100..102,
                                                        },
                                                    ),
                                                    left: Variable(
                                                        Identifier {
                                                            name: "Type",
                                                            span: 83..87,
                                                        },
                                                    ),
                                                    right: Variable(
                                                        Identifier {
                                                            name: "Type",
                                                            span: 103..107,
                                                        },
                                                    ),
                                                },
                                            },
                                            where_clause: WhereClause(
                                                [],
                                            ),
                                        },
                                    ),
                                    parentheses: 1,
                                },
                            ],
                            where_clause: WhereClause(
                                [],
                            ),
                        },
                        constructors: VisibilityItems {
                            visibility: Public,
                            items: [
                                TypeConstructor {
                                    name: Identifier {
                                        name: "X",
                                        span: 121..122,
                                    },
                                    parameters: [
                                        Field {
                                            name: Some(
                                                Identifier {
                                                    name: "item",
                                                    span: 130..134,
                                                },
                                            ),
                                            typ: TypeExpression {
                                                expression: Variable(
                                                    Identifier {
                                                        name: "Int",
                                                        span: 137..140,
                                                    },
                                                ),
                                                where_clause: WhereClause(
                                                    [],
                                                ),
                                            },
                                        },
                                    ],
                                },
                            ],
                        },
                    },
                ),
            ],
        },
    ),
    errs: [],
}